#
# There is insufficient memory for the Java Runtime Environment to continue.
# Native memory allocation (malloc) failed to allocate 32752 bytes. Error detail: Chunk::new
# Possible reasons:
#   The system is out of physical RAM or swap space
#   This process is running with CompressedOops enabled, and the Java Heap may be blocking the growth of the native heap
# Possible solutions:
#   Reduce memory load on the system
#   Increase physical memory or swap space
#   Check if swap backing store is full
#   Decrease Java heap size (-Xmx/-Xms)
#   Decrease number of Java threads
#   Decrease Java thread stack sizes (-Xss)
#   Set larger code cache with -XX:ReservedCodeCacheSize=
#   JVM is running with Zero Based Compressed Oops mode in which the Java heap is
#     placed in the first 32GB address space. The Java Heap base address is the
#     maximum limit for the native heap growth. Please use -XX:HeapBaseMinAddress
#     to set the Java Heap base and to place the Java Heap above 32GB virtual address.
# This output file may be truncated or incomplete.
#
#  Out of Memory Error (arena.cpp:186), pid=16400, tid=2496
#
# JRE version: OpenJDK Runtime Environment (25.0+36) (build 25+36-3489)
# Java VM: OpenJDK 64-Bit Server VM (25+36-3489, mixed mode, sharing, tiered, compressed oops, compressed class ptrs, g1 gc, windows-amd64)
# No core dump will be written. Minidumps are not enabled by default on client versions of Windows
#

---------------  S U M M A R Y ------------

Command Line: -javaagent:C:\Program Files\JetBrains\IntelliJ IDEA Community Edition 2025.2\lib\idea_rt.jar=60076 -Dfile.encoding=UTF-8 -Dsun.stdout.encoding=UTF-8 -Dsun.stderr.encoding=UTF-8 com.shopsphere.notificationservice.NotificationserviceApplication

Host: 13th Gen Intel(R) Core(TM) i5-1335U, 12 cores, 15G,  Windows 11 , 64 bit Build 26100 (10.0.26100.8972)
Time: Tue Aug 11 19:03:08 2026 Eastern Daylight Time elapsed time: 201.859987 seconds (0d 0h 3m 21s)

---------------  T H R E A D  ---------------

Current thread (0x00000214ff61d010):  JavaThread "C1 CompilerThread0" daemon [_thread_in_native, id=2496, stack(0x0000007b1ad00000,0x0000007b1ae00000) (1024K)]


Current CompileTask:
C1:201860 9310       3       java.lang.invoke.LambdaForm$MH/0x0000000035434000::invoke (25 bytes)

Stack: [0x0000007b1ad00000,0x0000007b1ae00000]
Native frames: (J=compiled Java code, j=interpreted, Vv=VM code, C=native code)
V  [jvm.dll+0x7a6a39]  (no source info available)
V  [jvm.dll+0x7727ed]  (no source info available)
V  [jvm.dll+0x965f33]  (no source info available)
V  [jvm.dll+0x968531]  (no source info available)
V  [jvm.dll+0x968c33]  (no source info available)
V  [jvm.dll+0x2fc756]  (no source info available)
V  [jvm.dll+0x111b26]  (no source info available)
V  [jvm.dll+0x111e4e]  (no source info available)
V  [jvm.dll+0x2fe8a0]  (no source info available)
V  [jvm.dll+0x1be70d]  (no source info available)
V  [jvm.dll+0x1bdb91]  (no source info available)
V  [jvm.dll+0x1bfa0d]  (no source info available)
V  [jvm.dll+0x2cfb56]  (no source info available)
V  [jvm.dll+0x2cddd5]  (no source info available)
V  [jvm.dll+0x48e671]  (no source info available)
V  [jvm.dll+0x90681d]  (no source info available)
V  [jvm.dll+0x7a5015]  (no source info available)
C  [ucrtbase.dll+0x2cd30]  (no source info available)
C  [KERNEL32.DLL+0x2ccb7]  (no source info available)
C  [ntdll.dll+0xaad6c]  (no source info available)

Lock stack of current Java thread (top to bottom):


---------------  P R O C E S S  ---------------

Threads class SMR info:
_java_thread_list=0x000002148ae75b10, length=45, elements={
0x00000214ff604430, 0x00000214ff606ea0, 0x00000214ff607e30, 0x00000214ff60a700,
0x00000214ff60b540, 0x00000214ff60bd00, 0x00000214ff61a3f0, 0x00000214ff61d010,
0x0000021488186eb0, 0x00000214884e4330, 0x00000214883fa800, 0x000002148919f4e0,
0x00000214891a0480, 0x00000214891a1bf0, 0x00000214ff610c20, 0x000002148919b660,
0x000002148a9f8fd0, 0x000002148a9f97a0, 0x000002148a9fb6e0, 0x000002148a9fa740,
0x000002148a9f8030, 0x000002148a9fbeb0, 0x000002148a9fc680, 0x000002148a9fd620,
0x000002148a7a0b90, 0x000002148a7a1360, 0x000002148a7a2300, 0x000002148a79fbf0,
0x000002148a7a3a70, 0x000002148a7a4a10, 0x00000214899b4610, 0x00000214899b55b0,
0x00000214899b2ea0, 0x00000214899b5d80, 0x00000214899b6d20, 0x00000214899b3e40,
0x00000214899b8490, 0x00000214899b7cc0, 0x00000214899b9430, 0x00000214894adbe0,
0x00000214894abca0, 0x00000214894afb20, 0x00000214894ac470, 0x00000214894af350,
0x00000214894b1a60
}

Java Threads: ( => current thread )
  0x00000214ff604430 JavaThread "Reference Handler"          daemon [_thread_blocked, id=21456, stack(0x0000007b1a600000,0x0000007b1a700000) (1024K)]
  0x00000214ff606ea0 JavaThread "Finalizer"                  daemon [_thread_blocked, id=28052, stack(0x0000007b1a700000,0x0000007b1a800000) (1024K)]
  0x00000214ff607e30 JavaThread "Signal Dispatcher"          daemon [_thread_blocked, id=31756, stack(0x0000007b1a800000,0x0000007b1a900000) (1024K)]
  0x00000214ff60a700 JavaThread "Attach Listener"            daemon [_thread_blocked, id=29652, stack(0x0000007b1a900000,0x0000007b1aa00000) (1024K)]
  0x00000214ff60b540 JavaThread "Service Thread"             daemon [_thread_blocked, id=33616, stack(0x0000007b1aa00000,0x0000007b1ab00000) (1024K)]
  0x00000214ff60bd00 JavaThread "Monitor Deflation Thread"   daemon [_thread_blocked, id=33008, stack(0x0000007b1ab00000,0x0000007b1ac00000) (1024K)]
  0x00000214ff61a3f0 JavaThread "C2 CompilerThread0"         daemon [_thread_blocked, id=26480, stack(0x0000007b1ac00000,0x0000007b1ad00000) (1024K)]
=>0x00000214ff61d010 JavaThread "C1 CompilerThread0"         daemon [_thread_in_native, id=2496, stack(0x0000007b1ad00000,0x0000007b1ae00000) (1024K)]
  0x0000021488186eb0 JavaThread "Common-Cleaner"             daemon [_thread_blocked, id=32540, stack(0x0000007b1ae00000,0x0000007b1af00000) (1024K)]
  0x00000214884e4330 JavaThread "Monitor Ctrl-Break"         daemon [_thread_in_native, id=12176, stack(0x0000007b1b000000,0x0000007b1b100000) (1024K)]
  0x00000214883fa800 JavaThread "Notification Thread"        daemon [_thread_blocked, id=15852, stack(0x0000007b1b100000,0x0000007b1b200000) (1024K)]
  0x000002148919f4e0 JavaThread "Catalina-utility-1"                [_thread_blocked, id=16336, stack(0x0000007b1b200000,0x0000007b1b300000) (1024K)]
  0x00000214891a0480 JavaThread "Catalina-utility-2"                [_thread_blocked, id=30068, stack(0x0000007b1ba00000,0x0000007b1bb00000) (1024K)]
  0x00000214891a1bf0 JavaThread "container-0"                       [_thread_blocked, id=12248, stack(0x0000007b1bf00000,0x0000007b1c000000) (1024K)]
  0x00000214ff610c20 JavaThread "http-nio-8084-exec-1"       daemon [_thread_blocked, id=16144, stack(0x0000007b1c000000,0x0000007b1c100000) (1024K)]
  0x000002148919b660 JavaThread "http-nio-8084-exec-2"       daemon [_thread_blocked, id=30416, stack(0x0000007b1c100000,0x0000007b1c200000) (1024K)]
  0x000002148a9f8fd0 JavaThread "http-nio-8084-exec-3"       daemon [_thread_blocked, id=18656, stack(0x0000007b1c200000,0x0000007b1c300000) (1024K)]
  0x000002148a9f97a0 JavaThread "http-nio-8084-exec-4"       daemon [_thread_blocked, id=11592, stack(0x0000007b1c300000,0x0000007b1c400000) (1024K)]
  0x000002148a9fb6e0 JavaThread "http-nio-8084-exec-5"       daemon [_thread_blocked, id=14608, stack(0x0000007b1c400000,0x0000007b1c500000) (1024K)]
  0x000002148a9fa740 JavaThread "http-nio-8084-exec-6"       daemon [_thread_blocked, id=14560, stack(0x0000007b1c500000,0x0000007b1c600000) (1024K)]
  0x000002148a9f8030 JavaThread "http-nio-8084-exec-7"       daemon [_thread_blocked, id=4032, stack(0x0000007b1c600000,0x0000007b1c700000) (1024K)]
  0x000002148a9fbeb0 JavaThread "http-nio-8084-exec-8"       daemon [_thread_blocked, id=16852, stack(0x0000007b1c700000,0x0000007b1c800000) (1024K)]
  0x000002148a9fc680 JavaThread "http-nio-8084-exec-9"       daemon [_thread_blocked, id=20856, stack(0x0000007b1c800000,0x0000007b1c900000) (1024K)]
  0x000002148a9fd620 JavaThread "http-nio-8084-exec-10"      daemon [_thread_blocked, id=33312, stack(0x0000007b1c900000,0x0000007b1ca00000) (1024K)]
  0x000002148a7a0b90 JavaThread "http-nio-8084-Poller"       daemon [_thread_in_native, id=32716, stack(0x0000007b1ca00000,0x0000007b1cb00000) (1024K)]
  0x000002148a7a1360 JavaThread "http-nio-8084-Acceptor"     daemon [_thread_in_native, id=33112, stack(0x0000007b1cb00000,0x0000007b1cc00000) (1024K)]
  0x000002148a7a2300 JavaThread "ThreadPoolTaskScheduler-1"         [_thread_blocked, id=23200, stack(0x0000007b1cc00000,0x0000007b1cd00000) (1024K)]
  0x000002148a79fbf0 JavaThread "org.springframework.kafka.KafkaListenerEndpointContainer#0-0-C-1"        [_thread_in_native, id=18964, stack(0x0000007b1cd00000,0x0000007b1ce00000) (1024K)]
  0x000002148a7a3a70 JavaThread "AMQP Connection 127.0.0.1:5672"        [_thread_in_native, id=5448, stack(0x0000007b1cf00000,0x0000007b1d000000) (1024K)]
  0x000002148a7a4a10 JavaThread "pool-2-thread-2"                   [_thread_blocked, id=20716, stack(0x0000007b1d000000,0x0000007b1d100000) (1024K)]
  0x00000214899b4610 JavaThread "org.springframework.amqp.rabbit.RabbitListenerEndpointContainer#0-1"        [_thread_in_native, id=31892, stack(0x0000007b1d100000,0x0000007b1d200000) (1024K)]
  0x00000214899b55b0 JavaThread "pool-2-thread-3"                   [_thread_blocked, id=12648, stack(0x0000007b1d200000,0x0000007b1d300000) (1024K)]
  0x00000214899b2ea0 JavaThread "DestroyJavaVM"                     [_thread_blocked, id=5536, stack(0x0000007b19e00000,0x0000007b19f00000) (1024K)]
  0x00000214899b5d80 JavaThread "kafka-coordinator-heartbeat-thread | notificationservice-group" daemon [_thread_blocked, id=33016, stack(0x0000007b1d300000,0x0000007b1d400000) (1024K)]
  0x00000214899b6d20 JavaThread "pool-2-thread-4"                   [_thread_blocked, id=29220, stack(0x0000007b1d400000,0x0000007b1d500000) (1024K)]
  0x00000214899b3e40 JavaThread "pool-2-thread-5"                   [_thread_blocked, id=26896, stack(0x0000007b1af00000,0x0000007b1b000000) (1024K)]
  0x00000214899b8490 JavaThread "pool-2-thread-6"                   [_thread_blocked, id=11200, stack(0x0000007b1d500000,0x0000007b1d600000) (1024K)]
  0x00000214899b7cc0 JavaThread "pool-2-thread-7"                   [_thread_blocked, id=17292, stack(0x0000007b1d600000,0x0000007b1d700000) (1024K)]
  0x00000214899b9430 JavaThread "pool-2-thread-8"                   [_thread_blocked, id=21788, stack(0x0000007b1d700000,0x0000007b1d800000) (1024K)]
  0x00000214894adbe0 JavaThread "pool-2-thread-9"                   [_thread_blocked, id=5608, stack(0x0000007b1d800000,0x0000007b1d900000) (1024K)]
  0x00000214894abca0 JavaThread "pool-2-thread-10"                  [_thread_blocked, id=10708, stack(0x0000007b1d900000,0x0000007b1da00000) (1024K)]
  0x00000214894afb20 JavaThread "pool-2-thread-11"                  [_thread_blocked, id=12444, stack(0x0000007b1da00000,0x0000007b1db00000) (1024K)]
  0x00000214894ac470 JavaThread "pool-2-thread-12"                  [_thread_blocked, id=29532, stack(0x0000007b1db00000,0x0000007b1dc00000) (1024K)]
  0x00000214894af350 JavaThread "pool-2-thread-13"                  [_thread_blocked, id=26256, stack(0x0000007b1dc00000,0x0000007b1dd00000) (1024K)]
  0x00000214894b1a60 JavaThread "pool-2-thread-14"                  [_thread_blocked, id=13048, stack(0x0000007b1dd00000,0x0000007b1de00000) (1024K)]
Total: 45

Other Threads:
  0x00000214ff5f1230 VMThread "VM Thread"                           [id=7760, stack(0x0000007b1a500000,0x0000007b1a600000) (1024K)]
  0x00000214ff5e58c0 WatcherThread "VM Periodic Task Thread"        [id=21004, stack(0x0000007b1a400000,0x0000007b1a500000) (1024K)]
  0x00000214e1fd6e20 WorkerThread "GC Thread#0"                     [id=29768, stack(0x0000007b19f00000,0x0000007b1a000000) (1024K)]
  0x00000214891bd250 WorkerThread "GC Thread#1"                     [id=25572, stack(0x0000007b1b300000,0x0000007b1b400000) (1024K)]
  0x00000214891bbcc0 WorkerThread "GC Thread#2"                     [id=30696, stack(0x0000007b1b400000,0x0000007b1b500000) (1024K)]
  0x00000214891bce00 WorkerThread "GC Thread#3"                     [id=20776, stack(0x0000007b1b500000,0x0000007b1b600000) (1024K)]
  0x00000214891bab80 WorkerThread "GC Thread#4"                     [id=12680, stack(0x0000007b1b600000,0x0000007b1b700000) (1024K)]
  0x00000214891bc110 WorkerThread "GC Thread#5"                     [id=15996, stack(0x0000007b1b700000,0x0000007b1b800000) (1024K)]
  0x00000214891bc9b0 WorkerThread "GC Thread#6"                     [id=29384, stack(0x0000007b1b800000,0x0000007b1b900000) (1024K)]
  0x00000214891be390 WorkerThread "GC Thread#7"                     [id=6812, stack(0x0000007b1b900000,0x0000007b1ba00000) (1024K)]
  0x00000214891bf080 WorkerThread "GC Thread#8"                     [id=30728, stack(0x0000007b1bb00000,0x0000007b1bc00000) (1024K)]
  0x00000214891c0eb0 WorkerThread "GC Thread#9"                     [id=5980, stack(0x0000007b1bc00000,0x0000007b1bd00000) (1024K)]
  0x00000214e1ff08a0 ConcurrentGCThread "G1 Main Marker"            [id=27580, stack(0x0000007b1a000000,0x0000007b1a100000) (1024K)]
  0x00000214e1ff2330 WorkerThread "G1 Conc#0"                       [id=32304, stack(0x0000007b1a100000,0x0000007b1a200000) (1024K)]
  0x00000214891c1ff0 WorkerThread "G1 Conc#1"                       [id=24216, stack(0x0000007b1bd00000,0x0000007b1be00000) (1024K)]
  0x00000214891c2440 WorkerThread "G1 Conc#2"                       [id=25400, stack(0x0000007b1be00000,0x0000007b1bf00000) (1024K)]
  0x00000214ff4a2570 ConcurrentGCThread "G1 Refine#0"               [id=17104, stack(0x0000007b1a200000,0x0000007b1a300000) (1024K)]
  0x00000214e201d1f0 ConcurrentGCThread "G1 Service"                [id=11788, stack(0x0000007b1a300000,0x0000007b1a400000) (1024K)]
Total: 18

Threads with active compile tasks:
C1 CompilerThread0  201908 9310       3       java.lang.invoke.LambdaForm$MH/0x0000000035434000::invoke (25 bytes)
Total: 1

VM state: not at safepoint (normal execution)

VM Mutex/Monitor currently owned by a thread: None

Heap address: 0x0000000704400000, size: 4028 MB, Compressed Oops mode: Zero based, Oop shift amount: 3

CDS archive(s) mapped at: [0x0000000034000000-0x0000000034dd0000-0x0000000034dd0000), size 14483456, SharedBaseAddress: 0x0000000034000000, ArchiveRelocationMode: 1.
Compressed class space mapped at: 0x0000000035000000-0x0000000075000000, reserved size: 1073741824
UseCompressedClassPointers 1, UseCompactObjectHeaders 0
Narrow klass pointer bits 32, Max shift 3
Narrow klass base: 0x0000000034000000, Narrow klass shift: 0
Encoding Range: [0x0000000034000000 - 0x0000000134000000), (4294967296 bytes)
Klass Range:    [0x0000000034010000 - 0x0000000075000000), (1090453504 bytes)
Klass ID Range:  [65536 - 1090519033) (1090453497)
Protection zone: [0x0000000034000000 - 0x0000000034010000), (65536 bytes)

GC Precious Log:
 CardTable entry size: 512
 Card Set container configuration: InlinePtr #cards 4 size 8 Array Of Cards #cards 16 size 48 Howl #buckets 8 coarsen threshold 3686 Howl Bitmap #cards 512 size 80 coarsen threshold 460 Card regions per heap region 1 cards per card region 4096
 CPUs: 12 total, 12 available
 Memory: 16108M
 Large Page Support: Disabled
 NUMA Support: Disabled
 Compressed Oops: Enabled (Zero based)
 Heap Region Size: 2M
 Heap Min Capacity: 8M
 Heap Initial Capacity: 252M
 Heap Max Capacity: 4028M
 Pre-touch: Disabled
 Parallel Workers: 10
 Concurrent Workers: 3
 Concurrent Refinement Workers: 10
 Periodic GC: Disabled

Heap:
 garbage-first heap   total reserved 4124672K, committed 69632K, used 36185K [0x0000000704400000, 0x0000000800000000)
  region size 2048K, 7 young (14336K), 2 survivors (4096K)

Heap Regions: E=young(eden), S=young(survivor), O=old, HS=humongous(starts), HC=humongous(continues), CS=collection set, F=free, TAMS=top-at-mark-start, PB=parsable bottom
|   0|0x0000000704400000, 0x0000000704600000, 0x0000000704600000|100%| O|  |TAMS 0x0000000704400000| PB 0x0000000704400000| Untracked |  0
|   1|0x0000000704600000, 0x0000000704800000, 0x0000000704800000|100%| O|  |TAMS 0x0000000704600000| PB 0x0000000704600000| Untracked |  0
|   2|0x0000000704800000, 0x0000000704a00000, 0x0000000704a00000|100%| O|  |TAMS 0x0000000704800000| PB 0x0000000704800000| Untracked |  0
|   3|0x0000000704a00000, 0x0000000704c00000, 0x0000000704c00000|100%| O|  |TAMS 0x0000000704a00000| PB 0x0000000704a00000| Untracked |  0
|   4|0x0000000704c00000, 0x0000000704c00000, 0x0000000704e00000|  0%| F|  |TAMS 0x0000000704c00000| PB 0x0000000704c00000| Untracked |  0
|   5|0x0000000704e00000, 0x0000000705000000, 0x0000000705000000|100%| O|  |TAMS 0x0000000704e00000| PB 0x0000000704e00000| Untracked |  0
|   6|0x0000000705000000, 0x0000000705200000, 0x0000000705200000|100%| O|  |TAMS 0x0000000705000000| PB 0x0000000705000000| Untracked |  0
|   7|0x0000000705200000, 0x0000000705400000, 0x0000000705400000|100%| O|  |TAMS 0x0000000705200000| PB 0x0000000705200000| Untracked |  0
|   8|0x0000000705400000, 0x0000000705600000, 0x0000000705600000|100%| O|  |TAMS 0x0000000705400000| PB 0x0000000705400000| Untracked |  0
|   9|0x0000000705600000, 0x0000000705800000, 0x0000000705800000|100%| O|  |TAMS 0x0000000705600000| PB 0x0000000705600000| Untracked |  0
|  10|0x0000000705800000, 0x00000007058c8de0, 0x0000000705a00000| 39%| O|  |TAMS 0x0000000705800000| PB 0x0000000705800000| Untracked |  0
|  11|0x0000000705a00000, 0x0000000705a00000, 0x0000000705c00000|  0%| F|  |TAMS 0x0000000705a00000| PB 0x0000000705a00000| Untracked |  0
|  12|0x0000000705c00000, 0x0000000705c8d720, 0x0000000705e00000| 27%| S|CS|TAMS 0x0000000705c00000| PB 0x0000000705c00000| Complete |  0
|  13|0x0000000705e00000, 0x0000000706000000, 0x0000000706000000|100%| S|CS|TAMS 0x0000000705e00000| PB 0x0000000705e00000| Complete |  0
|  14|0x0000000706000000, 0x0000000706000000, 0x0000000706200000|  0%| F|  |TAMS 0x0000000706000000| PB 0x0000000706000000| Untracked |  0
|  15|0x0000000706200000, 0x0000000706200000, 0x0000000706400000|  0%| F|  |TAMS 0x0000000706200000| PB 0x0000000706200000| Untracked |  0
|  16|0x0000000706400000, 0x0000000706400000, 0x0000000706600000|  0%| F|  |TAMS 0x0000000706400000| PB 0x0000000706400000| Untracked |  0
|  17|0x0000000706600000, 0x0000000706600000, 0x0000000706800000|  0%| F|  |TAMS 0x0000000706600000| PB 0x0000000706600000| Untracked |  0
|  18|0x0000000706800000, 0x0000000706800000, 0x0000000706a00000|  0%| F|  |TAMS 0x0000000706800000| PB 0x0000000706800000| Untracked |  0
|  19|0x0000000706a00000, 0x0000000706a00000, 0x0000000706c00000|  0%| F|  |TAMS 0x0000000706a00000| PB 0x0000000706a00000| Untracked |  0
|  20|0x0000000706c00000, 0x0000000706c00000, 0x0000000706e00000|  0%| F|  |TAMS 0x0000000706c00000| PB 0x0000000706c00000| Untracked |  0
|  21|0x0000000706e00000, 0x0000000706e00000, 0x0000000707000000|  0%| F|  |TAMS 0x0000000706e00000| PB 0x0000000706e00000| Untracked |  0
|  22|0x0000000707000000, 0x0000000707000000, 0x0000000707200000|  0%| F|  |TAMS 0x0000000707000000| PB 0x0000000707000000| Untracked |  0
|  98|0x0000000710800000, 0x0000000710800000, 0x0000000710a00000|  0%| F|  |TAMS 0x0000000710800000| PB 0x0000000710800000| Untracked |  0
| 102|0x0000000711000000, 0x0000000711000000, 0x0000000711200000|  0%| F|  |TAMS 0x0000000711000000| PB 0x0000000711000000| Untracked |  0
| 103|0x0000000711200000, 0x0000000711200000, 0x0000000711400000|  0%| F|  |TAMS 0x0000000711200000| PB 0x0000000711200000| Untracked |  0
| 104|0x0000000711400000, 0x00000007115f5638, 0x0000000711600000| 97%| E|  |TAMS 0x0000000711400000| PB 0x0000000711400000| Complete |  0
| 105|0x0000000711600000, 0x0000000711800000, 0x0000000711800000|100%| E|CS|TAMS 0x0000000711600000| PB 0x0000000711600000| Complete |  0
| 106|0x0000000711800000, 0x0000000711a00000, 0x0000000711a00000|100%| E|CS|TAMS 0x0000000711800000| PB 0x0000000711800000| Complete |  0
| 125|0x0000000713e00000, 0x0000000714000000, 0x0000000714000000|100%| E|CS|TAMS 0x0000000713e00000| PB 0x0000000713e00000| Complete |  0
|2010|0x00000007ff800000, 0x00000007ffa00000, 0x00000007ffa00000|100%| O|  |TAMS 0x00000007ff800000| PB 0x00000007ff800000| Untracked |  0
|2011|0x00000007ffa00000, 0x00000007ffc00000, 0x00000007ffc00000|100%| O|  |TAMS 0x00000007ffa00000| PB 0x00000007ffa00000| Untracked |  0
|2012|0x00000007ffc00000, 0x00000007ffe00000, 0x00000007ffe00000|100%| O|  |TAMS 0x00000007ffc00000| PB 0x00000007ffc00000| Untracked |  0
|2013|0x00000007ffe00000, 0x0000000800000000, 0x0000000800000000|100%| E|CS|TAMS 0x00000007ffe00000| PB 0x00000007ffe00000| Complete |  0

Card table byte_map: [0x00000214fc6b0000,0x00000214fce90000] _byte_map_base: 0x00000214f8e8e000

Marking Bits: (CMBitMap*) 0x00000214e1fd75b0
 Bits: [0x0000021480000000, 0x0000021483ef0000)

Polling page: 0x00000214e1cc0000

Metaspace:
Metaspace        used 60924K, committed 61568K, reserved 1114112K
 class space     used 6169K, committed 6464K, reserved 1048576K

Usage:
  Non-class:     53.47 MB used.
      Class:      6.03 MB used.
       Both:     59.50 MB used.

Virtual space:
  Non-class space:       64.00 MB reserved,      53.81 MB ( 84%) committed,  1 nodes.
      Class space:        1.00 GB reserved,       6.31 MB ( <1%) committed,  1 nodes.
             Both:        1.06 GB reserved,      60.12 MB (  6%) committed. 

Chunk freelists:
   Non-Class:  10.02 MB
       Class:  9.59 MB
        Both:  19.60 MB

MaxMetaspaceSize: unlimited
CompressedClassSpaceSize: 1.00 GB
Initial GC threshold: 21.00 MB
Current GC threshold: 97.94 MB
CDS: on
 - commit_granule_bytes: 65536.
 - commit_granule_words: 8192.
 - virtual_space_node_default_size: 8388608.
 - enlarge_chunks_in_place: 1.
UseCompressedClassPointers 1, UseCompactObjectHeaders 0
Narrow klass pointer bits 32, Max shift 3
Narrow klass base: 0x0000000034000000, Narrow klass shift: 0
Encoding Range: [0x0000000034000000 - 0x0000000134000000), (4294967296 bytes)
Klass Range:    [0x0000000034010000 - 0x0000000075000000), (1090453504 bytes)
Klass ID Range:  [65536 - 1090519033) (1090453497)
Protection zone: [0x0000000034000000 - 0x0000000034010000), (65536 bytes)


Internal statistics:

num_allocs_failed_limit: 9.
num_arena_births: 902.
num_arena_deaths: 0.
num_vsnodes_births: 2.
num_vsnodes_deaths: 0.
num_space_committed: 962.
num_space_uncommitted: 0.
num_chunks_returned_to_freelist: 9.
num_chunks_taken_from_freelist: 2867.
num_chunk_merges: 6.
num_chunk_splits: 2035.
num_chunks_enlarged: 1627.
num_inconsistent_stats: 0.

CodeHeap 'non-profiled nmethods': size=120064Kb used=3600Kb max_used=3600Kb free=116463Kb
 bounds [0x00000214f3d10000, 0x00000214f40a0000, 0x00000214fb250000]
CodeHeap 'profiled nmethods': size=120000Kb used=13842Kb max_used=13842Kb free=106157Kb
 bounds [0x00000214ec250000, 0x00000214ecfe0000, 0x00000214f3780000]
CodeHeap 'non-nmethods': size=5696Kb used=1666Kb max_used=1791Kb free=4029Kb
 bounds [0x00000214f3780000, 0x00000214f39f0000, 0x00000214f3d10000]
CodeCache: size=245760Kb, used=19108Kb, max_used=19233Kb, free=226649Kb
 total_blobs=9375, nmethods=8586, adapters=692, full_count=0
Compilation: enabled, stopped_count=0, restarted_count=0

Compilation events (20 events):
Event: 199.496 Thread 0x00000214ff61d010 9303   !   3       java.util.concurrent.LinkedBlockingQueue::take (91 bytes)
Event: 199.499 Thread 0x00000214ff61d010 nmethod 9303 0x00000214ecfcd808 code [0x00000214ecfcd900, 0x00000214ecfcf618]
Event: 199.499 Thread 0x00000214ff61d010 9302   !   3       java.net.URI$Parser::parseAuthority (332 bytes)
Event: 199.501 Thread 0x00000214ff61d010 nmethod 9302 0x00000214ecfcf688 code [0x00000214ecfcf780, 0x00000214ecfd0b78]
Event: 199.614 Thread 0x00000214ff61a3f0 nmethod 9295 0x00000214f408ad88 code [0x00000214f408ae80, 0x00000214f4093840]
Event: 199.615 Thread 0x00000214ff61a3f0 9301       4       org.eclipse.angus.mail.util.PropUtil::getBoolean (62 bytes)
Event: 199.616 Thread 0x00000214ff61a3f0 nmethod 9301 0x00000214f4093888 code [0x00000214f4093980, 0x00000214f4093a70]
Event: 199.792 Thread 0x00000214ff61a3f0 9304       4       javax.crypto.spec.HKDFParameterSpec$Expand::<init> (48 bytes)
Event: 199.797 Thread 0x00000214ff61a3f0 nmethod 9304 0x00000214f4093b88 code [0x00000214f4093c80, 0x00000214f4094050]
Event: 200.174 Thread 0x00000214ff61d010 9305       3       tools.jackson.databind.util.internal.UnreflectHandleSupplier::get (13 bytes)
Event: 200.175 Thread 0x00000214ff61d010 nmethod 9305 0x00000214ecfd0c08 code [0x00000214ecfd0d00, 0x00000214ecfd0fa0]
Event: 200.175 Thread 0x00000214ff61d010 9306       3       tools.jackson.databind.util.internal.UnreflectHandleSupplier$$Lambda/0x00000000355f1420::get (8 bytes)
Event: 200.175 Thread 0x00000214ff61d010 nmethod 9306 0x00000214ecfd1008 code [0x00000214ecfd1100, 0x00000214ecfd1268]
Event: 200.175 Thread 0x00000214ff61d010 9307       3       tools.jackson.databind.util.internal.UnreflectHandleSupplier::lambda$initialize$0 (2 bytes)
Event: 200.175 Thread 0x00000214ff61d010 nmethod 9307 0x00000214ecfd1308 code [0x00000214ecfd1400, 0x00000214ecfd14e8]
Event: 200.175 Thread 0x00000214ff61d010 9308       3       sun.nio.ch.IOUtil::newFD (15 bytes)
Event: 200.175 Thread 0x00000214ff61d010 nmethod 9308 0x00000214ecfd1608 code [0x00000214ecfd1700, 0x00000214ecfd1950]
Event: 200.177 Thread 0x00000214ff61d010 9309   !   3       com.rabbitmq.client.impl.ChannelN::processAsync (426 bytes)
Event: 200.181 Thread 0x00000214ff61d010 nmethod 9309 0x00000214ecfd1988 code [0x00000214ecfd1a80, 0x00000214ecfd4a68]
Event: 201.856 Thread 0x00000214ff61d010 9310       3       java.lang.invoke.LambdaForm$MH/0x0000000035434000::invoke (25 bytes)

GC Heap Usage History (20 events):
Event: 3.313 {heap Before GC invocations=3 (full 0):
 garbage-first heap   total reserved 4124672K, committed 55296K, used 51914K [0x0000000704400000, 0x0000000800000000)
  region size 2048K, 25 young (51200K), 6 survivors (12288K)
}
Event: 3.325 {heap After GC invocations=4 (full 0):
 garbage-first heap   total reserved 4124672K, committed 69632K, used 16573K [0x0000000704400000, 0x0000000800000000)
  region size 2048K, 4 young (8192K), 4 survivors (8192K)
}
Event: 4.311 {heap Before GC invocations=4 (full 0):
 garbage-first heap   total reserved 4124672K, committed 69632K, used 47293K [0x0000000704400000, 0x0000000800000000)
  region size 2048K, 19 young (38912K), 4 survivors (8192K)
}
Event: 4.323 {heap After GC invocations=5 (full 0):
 garbage-first heap   total reserved 4124672K, committed 69632K, used 20048K [0x0000000704400000, 0x0000000800000000)
  region size 2048K, 2 young (4096K), 2 survivors (4096K)
}
Event: 4.461 {heap Before GC invocations=5 (full 0):
 garbage-first heap   total reserved 4124672K, committed 69632K, used 24144K [0x0000000704400000, 0x0000000800000000)
  region size 2048K, 5 young (10240K), 2 survivors (4096K)
}
Event: 4.465 {heap After GC invocations=6 (full 0):
 garbage-first heap   total reserved 4124672K, committed 69632K, used 20007K [0x0000000704400000, 0x0000000800000000)
  region size 2048K, 2 young (4096K), 2 survivors (4096K)
}
Event: 5.260 {heap Before GC invocations=7 (full 0):
 garbage-first heap   total reserved 4124672K, committed 69632K, used 50727K [0x0000000704400000, 0x0000000800000000)
  region size 2048K, 17 young (34816K), 2 survivors (4096K)
}
Event: 5.268 {heap After GC invocations=8 (full 0):
 garbage-first heap   total reserved 4124672K, committed 69632K, used 22975K [0x0000000704400000, 0x0000000800000000)
  region size 2048K, 2 young (4096K), 2 survivors (4096K)
}
Event: 6.230 {heap Before GC invocations=8 (full 0):
 garbage-first heap   total reserved 4124672K, committed 69632K, used 51647K [0x0000000704400000, 0x0000000800000000)
  region size 2048K, 17 young (34816K), 2 survivors (4096K)
}
Event: 6.236 {heap After GC invocations=9 (full 0):
 garbage-first heap   total reserved 4124672K, committed 69632K, used 24652K [0x0000000704400000, 0x0000000800000000)
  region size 2048K, 3 young (6144K), 3 survivors (6144K)
}
Event: 10.212 {heap Before GC invocations=9 (full 0):
 garbage-first heap   total reserved 4124672K, committed 69632K, used 55372K [0x0000000704400000, 0x0000000800000000)
  region size 2048K, 18 young (36864K), 3 survivors (6144K)
}
Event: 10.220 {heap After GC invocations=10 (full 0):
 garbage-first heap   total reserved 4124672K, committed 69632K, used 26457K [0x0000000704400000, 0x0000000800000000)
  region size 2048K, 2 young (4096K), 2 survivors (4096K)
}
Event: 18.304 {heap Before GC invocations=10 (full 0):
 garbage-first heap   total reserved 4124672K, committed 69632K, used 42841K [0x0000000704400000, 0x0000000800000000)
  region size 2048K, 12 young (24576K), 2 survivors (4096K)
}
Event: 18.315 {heap After GC invocations=11 (full 0):
 garbage-first heap   total reserved 4124672K, committed 69632K, used 27706K [0x0000000704400000, 0x0000000800000000)
  region size 2048K, 2 young (4096K), 2 survivors (4096K)
}
Event: 78.349 {heap Before GC invocations=12 (full 0):
 garbage-first heap   total reserved 4124672K, committed 69632K, used 56378K [0x0000000704400000, 0x0000000800000000)
  region size 2048K, 17 young (34816K), 2 survivors (4096K)
}
Event: 78.362 {heap After GC invocations=13 (full 0):
 garbage-first heap   total reserved 4124672K, committed 69632K, used 28731K [0x0000000704400000, 0x0000000800000000)
  region size 2048K, 2 young (4096K), 2 survivors (4096K)
}
Event: 133.760 {heap Before GC invocations=13 (full 0):
 garbage-first heap   total reserved 4124672K, committed 69632K, used 59451K [0x0000000704400000, 0x0000000800000000)
  region size 2048K, 17 young (34816K), 2 survivors (4096K)
}
Event: 133.768 {heap After GC invocations=14 (full 0):
 garbage-first heap   total reserved 4124672K, committed 69632K, used 27931K [0x0000000704400000, 0x0000000800000000)
  region size 2048K, 2 young (4096K), 2 survivors (4096K)
}
Event: 185.214 {heap Before GC invocations=14 (full 0):
 garbage-first heap   total reserved 4124672K, committed 69632K, used 58651K [0x0000000704400000, 0x0000000800000000)
  region size 2048K, 17 young (34816K), 2 survivors (4096K)
}
Event: 185.222 {heap After GC invocations=15 (full 0):
 garbage-first heap   total reserved 4124672K, committed 69632K, used 27993K [0x0000000704400000, 0x0000000800000000)
  region size 2048K, 2 young (4096K), 2 survivors (4096K)
}

Metaspace Usage History (20 events):
Event: 3.313 {metaspace Before GC invocations=3 (full 0):
 Metaspace       used 27518K, committed 27840K, reserved 1114112K
  class space    used 2790K, committed 2944K, reserved 1048576K
}
Event: 3.325 {metaspace After GC invocations=4 (full 0):
 Metaspace       used 27518K, committed 27840K, reserved 1114112K
  class space    used 2790K, committed 2944K, reserved 1048576K
}
Event: 4.311 {metaspace Before GC invocations=4 (full 0):
 Metaspace       used 34979K, committed 35392K, reserved 1114112K
  class space    used 3512K, committed 3712K, reserved 1048576K
}
Event: 4.323 {metaspace After GC invocations=5 (full 0):
 Metaspace       used 34979K, committed 35392K, reserved 1114112K
  class space    used 3512K, committed 3712K, reserved 1048576K
}
Event: 4.461 {metaspace Before GC invocations=5 (full 0):
 Metaspace       used 35556K, committed 35968K, reserved 1114112K
  class space    used 3578K, committed 3776K, reserved 1048576K
}
Event: 4.465 {metaspace After GC invocations=6 (full 0):
 Metaspace       used 35556K, committed 35968K, reserved 1114112K
  class space    used 3578K, committed 3776K, reserved 1048576K
}
Event: 5.260 {metaspace Before GC invocations=7 (full 0):
 Metaspace       used 39465K, committed 39936K, reserved 1114112K
  class space    used 4109K, committed 4288K, reserved 1048576K
}
Event: 5.268 {metaspace After GC invocations=8 (full 0):
 Metaspace       used 39465K, committed 39936K, reserved 1114112K
  class space    used 4109K, committed 4288K, reserved 1048576K
}
Event: 6.230 {metaspace Before GC invocations=8 (full 0):
 Metaspace       used 47498K, committed 48064K, reserved 1114112K
  class space    used 4867K, committed 5120K, reserved 1048576K
}
Event: 6.236 {metaspace After GC invocations=9 (full 0):
 Metaspace       used 47498K, committed 48064K, reserved 1114112K
  class space    used 4867K, committed 5120K, reserved 1048576K
}
Event: 10.212 {metaspace Before GC invocations=9 (full 0):
 Metaspace       used 54907K, committed 55488K, reserved 1114112K
  class space    used 5656K, committed 5888K, reserved 1048576K
}
Event: 10.220 {metaspace After GC invocations=10 (full 0):
 Metaspace       used 54907K, committed 55488K, reserved 1114112K
  class space    used 5656K, committed 5888K, reserved 1048576K
}
Event: 18.304 {metaspace Before GC invocations=10 (full 0):
 Metaspace       used 59469K, committed 60096K, reserved 1114112K
  class space    used 6166K, committed 6464K, reserved 1048576K
}
Event: 18.315 {metaspace After GC invocations=11 (full 0):
 Metaspace       used 59469K, committed 60096K, reserved 1114112K
  class space    used 6166K, committed 6464K, reserved 1048576K
}
Event: 78.349 {metaspace Before GC invocations=12 (full 0):
 Metaspace       used 60201K, committed 60864K, reserved 1114112K
  class space    used 6167K, committed 6464K, reserved 1048576K
}
Event: 78.362 {metaspace After GC invocations=13 (full 0):
 Metaspace       used 60201K, committed 60864K, reserved 1114112K
  class space    used 6167K, committed 6464K, reserved 1048576K
}
Event: 133.760 {metaspace Before GC invocations=13 (full 0):
 Metaspace       used 60649K, committed 61312K, reserved 1114112K
  class space    used 6169K, committed 6464K, reserved 1048576K
}
Event: 133.769 {metaspace After GC invocations=14 (full 0):
 Metaspace       used 60649K, committed 61312K, reserved 1114112K
  class space    used 6169K, committed 6464K, reserved 1048576K
}
Event: 185.214 {metaspace Before GC invocations=14 (full 0):
 Metaspace       used 60779K, committed 61440K, reserved 1114112K
  class space    used 6169K, committed 6464K, reserved 1048576K
}
Event: 185.222 {metaspace After GC invocations=15 (full 0):
 Metaspace       used 60779K, committed 61440K, reserved 1114112K
  class space    used 6169K, committed 6464K, reserved 1048576K
}

Dll operation events (11 events):
Event: 0.022 Loaded shared library C:\Users\bhoja\.jdks\openjdk-25\bin\java.dll
Event: 0.184 Loaded shared library C:\Users\bhoja\.jdks\openjdk-25\bin\zip.dll
Event: 0.188 Loaded shared library C:\Users\bhoja\.jdks\openjdk-25\bin\instrument.dll
Event: 0.194 Loaded shared library C:\Users\bhoja\.jdks\openjdk-25\bin\net.dll
Event: 0.196 Loaded shared library C:\Users\bhoja\.jdks\openjdk-25\bin\nio.dll
Event: 0.200 Loaded shared library C:\Users\bhoja\.jdks\openjdk-25\bin\zip.dll
Event: 0.454 Loaded shared library C:\Users\bhoja\.jdks\openjdk-25\bin\extnet.dll
Event: 0.481 Loaded shared library C:\Users\bhoja\.jdks\openjdk-25\bin\jimage.dll
Event: 1.950 Loaded shared library C:\Users\bhoja\.jdks\openjdk-25\bin\sunmscapi.dll
Event: 3.577 Loaded shared library C:\Users\bhoja\.jdks\openjdk-25\bin\management.dll
Event: 3.579 Loaded shared library C:\Users\bhoja\.jdks\openjdk-25\bin\management_ext.dll

Deoptimization events (20 events):
Event: 133.384 Thread 0x00000214899b4610 DEOPT PACKING pc=0x00000214f404e6c4 sp=0x0000007b1d1fd900
Event: 133.384 Thread 0x00000214899b4610 DEOPT UNPACKING pc=0x00000214f389f882 sp=0x0000007b1d1fda50 mode 2
Event: 133.385 Thread 0x00000214899b4610 Uncommon trap: trap_request=0xffffffbe fr.pc=0x00000214f4048448 relative=0x00000000000009c8
Event: 133.385 Thread 0x00000214899b4610 Uncommon trap: reason=profile_predicate action=maybe_recompile pc=0x00000214f4048448 method=sun.security.util.math.IntegerModuloP$MultiplicativeInverser$Default.inverse(Lsun/security/util/math/IntegerModuloP;)Lsun/security/util/math/ImmutableIntegerModulo
Event: 133.385 Thread 0x00000214899b4610 DEOPT PACKING pc=0x00000214f4048448 sp=0x0000007b1d1fd970
Event: 133.385 Thread 0x00000214899b4610 DEOPT UNPACKING pc=0x00000214f389f882 sp=0x0000007b1d1fd958 mode 2
Event: 133.425 Thread 0x00000214899b4610 Uncommon trap: trap_request=0xffffffbe fr.pc=0x00000214f404e6c4 relative=0x0000000000004b44
Event: 133.425 Thread 0x00000214899b4610 Uncommon trap: reason=profile_predicate action=maybe_recompile pc=0x00000214f404e6c4 method=sun.security.ec.XECOperations.pointMultiply([BLsun/security/util/math/ImmutableIntegerModuloP;)Lsun/security/util/math/IntegerModuloP; @ 103 c2
Event: 133.425 Thread 0x00000214899b4610 DEOPT PACKING pc=0x00000214f404e6c4 sp=0x0000007b1d1fd6c0
Event: 133.425 Thread 0x00000214899b4610 DEOPT UNPACKING pc=0x00000214f389f882 sp=0x0000007b1d1fd810 mode 2
Event: 134.014 Thread 0x00000214899b4610 Uncommon trap: trap_request=0xffffffbe fr.pc=0x00000214f404e6c4 relative=0x0000000000004b44
Event: 134.014 Thread 0x00000214899b4610 Uncommon trap: reason=profile_predicate action=maybe_recompile pc=0x00000214f404e6c4 method=sun.security.ec.XECOperations.pointMultiply([BLsun/security/util/math/ImmutableIntegerModuloP;)Lsun/security/util/math/IntegerModuloP; @ 103 c2
Event: 134.014 Thread 0x00000214899b4610 DEOPT PACKING pc=0x00000214f404e6c4 sp=0x0000007b1d1fd900
Event: 134.014 Thread 0x00000214899b4610 DEOPT UNPACKING pc=0x00000214f389f882 sp=0x0000007b1d1fda50 mode 2
Event: 134.061 Thread 0x00000214899b4610 Uncommon trap: trap_request=0xffffffbe fr.pc=0x00000214f404e6c4 relative=0x0000000000004b44
Event: 134.061 Thread 0x00000214899b4610 Uncommon trap: reason=profile_predicate action=maybe_recompile pc=0x00000214f404e6c4 method=sun.security.ec.XECOperations.pointMultiply([BLsun/security/util/math/ImmutableIntegerModuloP;)Lsun/security/util/math/IntegerModuloP; @ 103 c2
Event: 134.061 Thread 0x00000214899b4610 DEOPT PACKING pc=0x00000214f404e6c4 sp=0x0000007b1d1fd6c0
Event: 134.061 Thread 0x00000214899b4610 DEOPT UNPACKING pc=0x00000214f389f882 sp=0x0000007b1d1fd810 mode 2
Event: 157.466 Thread 0x00000214899b4610 DEOPT PACKING pc=0x00000214ec320a76 sp=0x0000007b1d1fd860
Event: 157.466 Thread 0x00000214899b4610 DEOPT UNPACKING pc=0x00000214f37d1702 sp=0x0000007b1d1fccf0 mode 0

Classes loaded (20 events):
Event: 12.173 Loading class java/util/stream/ReferencePipeline$5$1
Event: 12.173 Loading class java/util/stream/ReferencePipeline$5$1 done
Event: 12.686 Loading class sun/security/ssl/PreSharedKeyExtension$PskIdentity
Event: 12.686 Loading class sun/security/ssl/PreSharedKeyExtension$PskIdentity done
Event: 12.687 Loading class javax/crypto/spec/HKDFParameterSpec$ExtractThenExpand
Event: 12.687 Loading class javax/crypto/spec/HKDFParameterSpec$ExtractThenExpand done
Event: 12.688 Loading class sun/security/ssl/PreSharedKeyExtension$CHPreSharedKeySpec
Event: 12.688 Loading class sun/security/ssl/PreSharedKeyExtension$CHPreSharedKeySpec done
Event: 12.689 Loading class sun/security/ssl/PreSharedKeyExtension$PartialClientHelloMessage
Event: 12.689 Loading class sun/security/ssl/PreSharedKeyExtension$PartialClientHelloMessage done
Event: 12.689 Loading class sun/security/ssl/SSLEngineOutputRecord
Event: 12.691 Loading class sun/security/ssl/SSLEngineOutputRecord done
Event: 12.691 Loading class sun/security/ssl/SSLEngineOutputRecord$HandshakeFragment
Event: 12.693 Loading class sun/security/ssl/SSLEngineOutputRecord$HandshakeFragment done
Event: 12.693 Loading class sun/security/ssl/SSLEngineOutputRecord$HandshakeMemo
Event: 12.693 Loading class sun/security/ssl/SSLEngineOutputRecord$RecordMemo
Event: 12.693 Loading class sun/security/ssl/SSLEngineOutputRecord$RecordMemo done
Event: 12.693 Loading class sun/security/ssl/SSLEngineOutputRecord$HandshakeMemo done
Event: 12.751 Loading class sun/security/ssl/PreSharedKeyExtension$SHPreSharedKeySpec
Event: 12.751 Loading class sun/security/ssl/PreSharedKeyExtension$SHPreSharedKeySpec done

Classes unloaded (0 events):
No events

Classes redefined (0 events):
No events

Internal exceptions (20 events):
Event: 10.299 Thread 0x000002148a79fbf0 Exception <a 'java/lang/NoSuchMethodError'{0x0000000713f7cf80}: 'java.lang.Object java.lang.invoke.Invokers$Holder.invoker(java.lang.Object, java.lang.Object, java.lang.Object, java.lang.Object, java.lang.Object, java.lang.Object, java.lang.Object)'> (0x0000000713f7cf80) 
thrown [s\open\src\hotspot\share\interpreter\linkResolver.cpp, line 804]
Event: 10.302 Thread 0x000002148a79fbf0 Exception <a 'java/lang/NoSuchMethodError'{0x0000000713fb4408}: 'java.lang.Object java.lang.invoke.DirectMethodHandle$Holder.newInvokeSpecial(java.lang.Object, java.lang.Object, java.lang.Object, java.lang.Object, java.lang.Object, java.lang.Object, java.lang.Object)'> (0x0000000713fb4408) 
thrown [s\open\src\hotspot\share\interpreter\linkResolver.cpp, line 804]
Event: 10.304 Thread 0x000002148a79fbf0 Exception <a 'java/lang/NoSuchMethodError'{0x0000000713fbd478}: 'java.lang.Object java.lang.invoke.Invokers$Holder.invoker(java.lang.Object, java.lang.Object, java.lang.Object, java.lang.Object, java.lang.Object, java.lang.Object, java.lang.Object, java.lang.Object)'> (0x0000000713fbd478) 
thrown [s\open\src\hotspot\share\interpreter\linkResolver.cpp, line 804]
Event: 10.393 Thread 0x000002148a79fbf0 Exception <a 'java/lang/NoSuchMethodError'{0x00000007116029d0}: 'void java.lang.invoke.DelegatingMethodHandle$Holder.reinvoke_L(java.lang.Object, java.lang.Object, java.lang.Object, java.lang.Object, int, java.lang.Object, java.lang.Object)'> (0x00000007116029d0) 
thrown [s\open\src\hotspot\share\interpreter\linkResolver.cpp, line 804]
Event: 10.415 Thread 0x00000214899b4610 Exception <a 'java/lang/NoSuchMethodError'{0x0000000711709698}: 'java.lang.Object java.lang.invoke.Invokers$Holder.invoker(java.lang.Object, java.lang.Object, java.lang.Object, java.lang.Object, java.lang.Object)'> (0x0000000711709698) 
thrown [s\open\src\hotspot\share\interpreter\linkResolver.cpp, line 804]
Event: 10.435 Thread 0x00000214899b4610 Exception <a 'java/io/FileNotFoundException'{0x000000071179e780}> (0x000000071179e780) 
thrown [s\open\src\hotspot\share\prims\jni.cpp, line 516]
Event: 10.435 Thread 0x00000214899b4610 Exception <a 'java/io/FileNotFoundException'{0x000000071179f0d0}> (0x000000071179f0d0) 
thrown [s\open\src\hotspot\share\prims\jni.cpp, line 516]
Event: 10.458 Thread 0x00000214899b4610 Exception <a 'java/lang/NullPointerException'{0x00000007114165e8}> (0x00000007114165e8) 
thrown [s\open\src\hotspot\share\interpreter\linkResolver.cpp, line 1416]
Event: 10.458 Thread 0x00000214899b4610 Exception <a 'java/lang/NullPointerException'{0x00000007114168f8}> (0x00000007114168f8) 
thrown [s\open\src\hotspot\share\interpreter\linkResolver.cpp, line 1416]
Event: 10.458 Thread 0x00000214899b4610 Exception <a 'java/lang/NullPointerException'{0x0000000711416c08}> (0x0000000711416c08) 
thrown [s\open\src\hotspot\share\interpreter\linkResolver.cpp, line 1416]
Event: 10.465 Thread 0x00000214899b4610 Exception <a 'java/lang/NullPointerException'{0x0000000711433c60}> (0x0000000711433c60) 
thrown [s\open\src\hotspot\share\interpreter\linkResolver.cpp, line 1416]
Event: 10.465 Thread 0x00000214899b4610 Exception <a 'java/lang/NullPointerException'{0x0000000711433f70}> (0x0000000711433f70) 
thrown [s\open\src\hotspot\share\interpreter\linkResolver.cpp, line 1416]
Event: 10.465 Thread 0x00000214899b4610 Exception <a 'java/lang/NullPointerException'{0x0000000711434280}> (0x0000000711434280) 
thrown [s\open\src\hotspot\share\interpreter\linkResolver.cpp, line 1416]
Event: 10.467 Thread 0x00000214899b4610 Exception <a 'java/io/FileNotFoundException'{0x000000071143d130}> (0x000000071143d130) 
thrown [s\open\src\hotspot\share\prims\jni.cpp, line 516]
Event: 10.467 Thread 0x00000214899b4610 Exception <a 'java/io/FileNotFoundException'{0x000000071143da88}> (0x000000071143da88) 
thrown [s\open\src\hotspot\share\prims\jni.cpp, line 516]
Event: 10.497 Thread 0x00000214899b4610 Implicit null exception at 0x00000214f3d74eb6 to 0x00000214f3d756bc
Event: 11.011 Thread 0x00000214899b4610 Implicit null exception at 0x00000214f3d5b936 to 0x00000214f3d5c05c
Event: 11.307 Thread 0x00000214899b4610 Exception <a 'java/lang/NoSuchMethodError'{0x000000071121aca8}: 'java.lang.Object java.lang.invoke.Invokers$Holder.invoke_MT(java.lang.Object, java.lang.Object, java.lang.Object, java.lang.Object, java.lang.Object, java.lang.Object)'> (0x000000071121aca8) 
thrown [s\open\src\hotspot\share\interpreter\linkResolver.cpp, line 804]
Event: 12.171 Thread 0x00000214899b4610 Exception <a 'java/lang/NoSuchMethodError'{0x0000000710982340}: 'long java.lang.invoke.DirectMethodHandle$Holder.invokeStatic(java.lang.Object, long, long)'> (0x0000000710982340) 
thrown [s\open\src\hotspot\share\interpreter\linkResolver.cpp, line 804]
Event: 12.176 Thread 0x00000214899b4610 Exception <a 'java/lang/NoSuchMethodError'{0x00000007109a5008}: 'void java.lang.invoke.DelegatingMethodHandle$Holder.reinvoke_L(java.lang.Object, java.lang.Object, long, int, int)'> (0x00000007109a5008) 
thrown [s\open\src\hotspot\share\interpreter\linkResolver.cpp, line 804]

VM Operations (20 events):
Event: 18.378 Executing safepoint VM operation: G1PauseCleanup
Event: 18.379 Executing safepoint VM operation: G1PauseCleanup done
Event: 60.213 Executing non-safepoint VM operation: HandshakeAllThreads (HandshakeForDeflation)
Event: 60.213 Executing non-safepoint VM operation: HandshakeAllThreads (HandshakeForDeflation) done
Event: 60.213 Executing non-safepoint VM operation: RendezvousGCThreads
Event: 60.213 Executing non-safepoint VM operation: RendezvousGCThreads done
Event: 78.349 Executing safepoint VM operation: G1CollectForAllocation (G1 Evacuation Pause)
Event: 78.362 Executing safepoint VM operation: G1CollectForAllocation (G1 Evacuation Pause) done
Event: 120.222 Executing non-safepoint VM operation: HandshakeAllThreads (HandshakeForDeflation)
Event: 120.222 Executing non-safepoint VM operation: HandshakeAllThreads (HandshakeForDeflation) done
Event: 120.222 Executing non-safepoint VM operation: RendezvousGCThreads
Event: 120.222 Executing non-safepoint VM operation: RendezvousGCThreads done
Event: 133.760 Executing safepoint VM operation: G1CollectForAllocation (G1 Evacuation Pause)
Event: 133.769 Executing safepoint VM operation: G1CollectForAllocation (G1 Evacuation Pause) done
Event: 180.391 Executing non-safepoint VM operation: HandshakeAllThreads (HandshakeForDeflation)
Event: 180.392 Executing non-safepoint VM operation: HandshakeAllThreads (HandshakeForDeflation) done
Event: 180.392 Executing non-safepoint VM operation: RendezvousGCThreads
Event: 180.392 Executing non-safepoint VM operation: RendezvousGCThreads done
Event: 185.214 Executing safepoint VM operation: G1CollectForAllocation (G1 Evacuation Pause)
Event: 185.222 Executing safepoint VM operation: G1CollectForAllocation (G1 Evacuation Pause) done

Memory protections (0 events):
No events

Nmethod flushes (20 events):
Event: 18.362 Thread 0x00000214ff5f1230 flushing  nmethod 0x00000214ec310d08
Event: 18.362 Thread 0x00000214ff5f1230 flushing  nmethod 0x00000214ec311308
Event: 18.362 Thread 0x00000214ff5f1230 flushing  nmethod 0x00000214ec35d088
Event: 18.362 Thread 0x00000214ff5f1230 flushing  nmethod 0x00000214ec404788
Event: 18.362 Thread 0x00000214ff5f1230 flushing  nmethod 0x00000214ec446c08
Event: 18.362 Thread 0x00000214ff5f1230 flushing  nmethod 0x00000214ec447f08
Event: 18.362 Thread 0x00000214ff5f1230 flushing  nmethod 0x00000214ec4a7d08
Event: 18.362 Thread 0x00000214ff5f1230 flushing  nmethod 0x00000214ec4a9a08
Event: 18.362 Thread 0x00000214ff5f1230 flushing  nmethod 0x00000214ec50cf08
Event: 18.362 Thread 0x00000214ff5f1230 flushing  nmethod 0x00000214ec50d288
Event: 18.362 Thread 0x00000214ff5f1230 flushing  nmethod 0x00000214ec562c08
Event: 18.362 Thread 0x00000214ff5f1230 flushing  nmethod 0x00000214ec5f4d08
Event: 18.362 Thread 0x00000214ff5f1230 flushing  nmethod 0x00000214ec739f08
Event: 18.362 Thread 0x00000214ff5f1230 flushing  nmethod 0x00000214ec742d08
Event: 18.362 Thread 0x00000214ff5f1230 flushing  nmethod 0x00000214ec7c0088
Event: 18.362 Thread 0x00000214ff5f1230 flushing  nmethod 0x00000214ec7c6d88
Event: 18.362 Thread 0x00000214ff5f1230 flushing  nmethod 0x00000214ec7c8188
Event: 18.362 Thread 0x00000214ff5f1230 flushing  nmethod 0x00000214ec7c8488
Event: 18.362 Thread 0x00000214ff5f1230 flushing  nmethod 0x00000214ec9f9188
Event: 18.362 Thread 0x00000214ff5f1230 flushing  nmethod 0x00000214eca4a708

Events (20 events):
Event: 6.950 Thread 0x00000214ff61a3f0 Thread added: 0x000002148a12f350
Event: 6.998 Thread 0x000002148a79fbf0 Thread added: 0x00000214899b5d80
Event: 7.258 Thread 0x000002148a12f350 Thread exited: 0x000002148a12f350
Event: 10.284 Thread 0x00000214ff61a3f0 Thread added: 0x000002148a12d310
Event: 10.407 Thread 0x000002148a7a3a70 Thread added: 0x00000214899b6d20
Event: 10.825 Thread 0x000002148a12d310 Thread exited: 0x000002148a12d310
Event: 11.181 Thread 0x00000214ff61d010 Thread added: 0x000002148a130b80
Event: 11.182 Thread 0x00000214ff61d010 Thread added: 0x000002148a12d310
Event: 11.603 Thread 0x000002148a12d310 Thread exited: 0x000002148a12d310
Event: 11.744 Thread 0x000002148a130b80 Thread exited: 0x000002148a130b80
Event: 12.183 Thread 0x000002148a7a3a70 Thread added: 0x00000214899b3e40
Event: 13.383 Thread 0x000002148a7a3a70 Thread added: 0x00000214899b8490
Event: 14.303 Thread 0x000002148a7a3a70 Thread added: 0x00000214899b7cc0
Event: 15.123 Thread 0x000002148a7a3a70 Thread added: 0x00000214899b9430
Event: 15.945 Thread 0x000002148a7a3a70 Thread added: 0x00000214894adbe0
Event: 16.765 Thread 0x000002148a7a3a70 Thread added: 0x00000214894abca0
Event: 17.481 Thread 0x000002148a7a3a70 Thread added: 0x00000214894afb20
Event: 18.298 Thread 0x000002148a7a3a70 Thread added: 0x00000214894ac470
Event: 19.078 Thread 0x000002148a7a3a70 Thread added: 0x00000214894af350
Event: 19.835 Thread 0x000002148a7a3a70 Thread added: 0x00000214894b1a60


Dynamic libraries:
0x00007ff659e60000 - 0x00007ff659e6e000 	C:\Users\bhoja\.jdks\openjdk-25\bin\java.exe
0x00007ffda9400000 - 0x00007ffda9666000 	C:\WINDOWS\SYSTEM32\ntdll.dll
0x00007ffda8240000 - 0x00007ffda8309000 	C:\WINDOWS\System32\KERNEL32.DLL
0x00007ffda66d0000 - 0x00007ffda6acf000 	C:\WINDOWS\System32\KERNELBASE.dll
0x00007ffda6fd0000 - 0x00007ffda711c000 	C:\WINDOWS\System32\ucrtbase.dll
0x00007ffd94e30000 - 0x00007ffd94e4e000 	C:\Users\bhoja\.jdks\openjdk-25\bin\VCRUNTIME140.dll
0x00007ffd95090000 - 0x00007ffd950a7000 	C:\Users\bhoja\.jdks\openjdk-25\bin\jli.dll
0x00007ffda8b60000 - 0x00007ffda8d26000 	C:\WINDOWS\System32\USER32.dll
0x00007ffda6610000 - 0x00007ffda6637000 	C:\WINDOWS\System32\win32u.dll
0x00007ffd91e40000 - 0x00007ffd920d1000 	C:\WINDOWS\WinSxS\amd64_microsoft.windows.common-controls_6595b64144ccf1df_6.0.26100.8972_none_3e0da176e32f9d4b\COMCTL32.dll
0x00007ffda9390000 - 0x00007ffda93bb000 	C:\WINDOWS\System32\GDI32.dll
0x00007ffda9170000 - 0x00007ffda9219000 	C:\WINDOWS\System32\msvcrt.dll
0x00007ffda6ea0000 - 0x00007ffda6fc9000 	C:\WINDOWS\System32\gdi32full.dll
0x00007ffda6ae0000 - 0x00007ffda6b83000 	C:\WINDOWS\System32\msvcp_win.dll
0x00007ffda8d30000 - 0x00007ffda8d62000 	C:\WINDOWS\System32\IMM32.DLL
0x00007ffda07c0000 - 0x00007ffda07cc000 	C:\Users\bhoja\.jdks\openjdk-25\bin\vcruntime140_1.dll
0x00007ffd75dd0000 - 0x00007ffd75e5d000 	C:\Users\bhoja\.jdks\openjdk-25\bin\msvcp140.dll
0x00007ffcebcb0000 - 0x00007ffcecb0f000 	C:\Users\bhoja\.jdks\openjdk-25\bin\server\jvm.dll
0x00007ffda7a10000 - 0x00007ffda7acc000 	C:\WINDOWS\System32\ADVAPI32.dll
0x00007ffda8740000 - 0x00007ffda87e9000 	C:\WINDOWS\System32\sechost.dll
0x00007ffda78f0000 - 0x00007ffda7a08000 	C:\WINDOWS\System32\RPCRT4.dll
0x00007ffda8ad0000 - 0x00007ffda8b52000 	C:\WINDOWS\System32\WS2_32.dll
0x00007ffd96960000 - 0x00007ffd9696b000 	C:\WINDOWS\SYSTEM32\VERSION.dll
0x00007ffda6470000 - 0x00007ffda64ce000 	C:\WINDOWS\SYSTEM32\POWRPROF.dll
0x00007ffda2cf0000 - 0x00007ffda2d26000 	C:\WINDOWS\SYSTEM32\WINMM.dll
0x00007ffda6450000 - 0x00007ffda6465000 	C:\WINDOWS\SYSTEM32\UMPDC.dll
0x00007ffda52d0000 - 0x00007ffda52eb000 	C:\WINDOWS\SYSTEM32\kernel.appcore.dll
0x00007ffd96510000 - 0x00007ffd9651a000 	C:\Users\bhoja\.jdks\openjdk-25\bin\jimage.dll
0x00007ffda3ab0000 - 0x00007ffda3cf2000 	C:\WINDOWS\SYSTEM32\DBGHELP.DLL
0x00007ffda8390000 - 0x00007ffda8715000 	C:\WINDOWS\System32\combase.dll
0x00007ffda8880000 - 0x00007ffda8959000 	C:\WINDOWS\System32\OLEAUT32.dll
0x00007ffd84f90000 - 0x00007ffd84fcb000 	C:\WINDOWS\SYSTEM32\dbgcore.DLL
0x00007ffda6b90000 - 0x00007ffda6c3c000 	C:\WINDOWS\System32\bcryptPrimitives.dll
0x00007ffd86d20000 - 0x00007ffd86d30000 	C:\Users\bhoja\.jdks\openjdk-25\bin\instrument.dll
0x00007ffd94050000 - 0x00007ffd9406f000 	C:\Users\bhoja\.jdks\openjdk-25\bin\java.dll
0x00007ffda8f50000 - 0x00007ffda90e9000 	C:\WINDOWS\System32\ole32.dll
0x00007ffda7140000 - 0x00007ffda78c8000 	C:\WINDOWS\System32\SHELL32.dll
0x00007ffda3f00000 - 0x00007ffda479b000 	C:\WINDOWS\SYSTEM32\windows.storage.dll
0x00007ffda8000000 - 0x00007ffda80f9000 	C:\WINDOWS\System32\SHCORE.dll
0x00007ffda9100000 - 0x00007ffda9166000 	C:\WINDOWS\System32\shlwapi.dll
0x00007ffda6530000 - 0x00007ffda6559000 	C:\WINDOWS\SYSTEM32\profapi.dll
0x00007ffd8db40000 - 0x00007ffd8db57000 	C:\Users\bhoja\.jdks\openjdk-25\bin\zip.dll
0x00007ffd92ec0000 - 0x00007ffd92ed2000 	C:\Users\bhoja\.jdks\openjdk-25\bin\net.dll
0x00007ffda5860000 - 0x00007ffda58cc000 	C:\WINDOWS\system32\mswsock.dll
0x00007ffd92b70000 - 0x00007ffd92b86000 	C:\Users\bhoja\.jdks\openjdk-25\bin\nio.dll
0x00007ffd95380000 - 0x00007ffd95389000 	C:\Users\bhoja\.jdks\openjdk-25\bin\extnet.dll
0x00007ffd86d10000 - 0x00007ffd86d1e000 	C:\Users\bhoja\.jdks\openjdk-25\bin\sunmscapi.dll
0x00007ffda6c50000 - 0x00007ffda6dce000 	C:\WINDOWS\System32\CRYPT32.dll
0x00007ffda5de0000 - 0x00007ffda5e10000 	C:\WINDOWS\SYSTEM32\ncrypt.dll
0x00007ffda5d90000 - 0x00007ffda5dcf000 	C:\WINDOWS\SYSTEM32\NTASN1.dll
0x00007ffda5ba0000 - 0x00007ffda5bbb000 	C:\WINDOWS\SYSTEM32\CRYPTSP.dll
0x00007ffda5230000 - 0x00007ffda5269000 	C:\WINDOWS\system32\rsaenh.dll
0x00007ffda5920000 - 0x00007ffda5952000 	C:\WINDOWS\SYSTEM32\USERENV.dll
0x00007ffda6500000 - 0x00007ffda652a000 	C:\WINDOWS\SYSTEM32\bcrypt.dll
0x00007ffda5b80000 - 0x00007ffda5b8c000 	C:\WINDOWS\SYSTEM32\CRYPTBASE.dll
0x00007ffda4cc0000 - 0x00007ffda4cf3000 	C:\WINDOWS\SYSTEM32\IPHLPAPI.DLL
0x00007ffda90f0000 - 0x00007ffda90fa000 	C:\WINDOWS\System32\NSI.dll
0x00007ffd86b50000 - 0x00007ffd86b5a000 	C:\Users\bhoja\.jdks\openjdk-25\bin\management.dll
0x00007ffd86a80000 - 0x00007ffd86a8c000 	C:\Users\bhoja\.jdks\openjdk-25\bin\management_ext.dll
0x00007ffda7130000 - 0x00007ffda7138000 	C:\WINDOWS\System32\PSAPI.DLL
0x00007ffd86f10000 - 0x00007ffd86f18000 	C:\WINDOWS\system32\wshunix.dll
0x00007ffda4d70000 - 0x00007ffda4ec8000 	C:\WINDOWS\SYSTEM32\DNSAPI.dll
0x00007ffda5630000 - 0x00007ffda563d000 	C:\WINDOWS\SYSTEM32\DSPARSE.dll
0x00007ffd9c3c0000 - 0x00007ffd9c3cb000 	C:\Windows\System32\rasadhlp.dll
0x00007ffd9eea0000 - 0x00007ffd9ef26000 	C:\WINDOWS\System32\fwpuclnt.dll
0x00007ffd7a2f0000 - 0x00007ffd7a308000 	C:\WINDOWS\system32\napinsp.dll
0x00007ffd79f90000 - 0x00007ffd79fa3000 	C:\WINDOWS\System32\winrnr.dll
0x00007ffd79f60000 - 0x00007ffd79f82000 	C:\WINDOWS\system32\nlansp_c.dll
0x00007ffd96df0000 - 0x00007ffd96e06000 	C:\WINDOWS\system32\wshbth.dll

JVMTI agents:
C:\Program Files\JetBrains\IntelliJ IDEA Community Edition 2025.2\lib\idea_rt.jar path:C:\Users\bhoja\.jdks\openjdk-25\bin\instrument.dll, loaded, initialized, instrumentlib options:60076

dbghelp: loaded successfully - version: 4.0.5 - missing functions: none
symbol engine: initialized successfully - sym options: 0x614 - pdb path: .;C:\Users\bhoja\.jdks\openjdk-25\bin;C:\WINDOWS\SYSTEM32;C:\WINDOWS\WinSxS\amd64_microsoft.windows.common-controls_6595b64144ccf1df_6.0.26100.8972_none_3e0da176e32f9d4b;C:\Users\bhoja\.jdks\openjdk-25\bin\server

VM Arguments:
jvm_args: -javaagent:C:\Program Files\JetBrains\IntelliJ IDEA Community Edition 2025.2\lib\idea_rt.jar=60076 -Dfile.encoding=UTF-8 -Dsun.stdout.encoding=UTF-8 -Dsun.stderr.encoding=UTF-8 
java_command: com.shopsphere.notificationservice.NotificationserviceApplication
java_class_path (initial): D:\shopsphere\notificationservice\target\classes;C:\Users\bhoja\.m2\repository\org\springframework\boot\spring-boot-starter-webmvc\4.1.0\spring-boot-starter-webmvc-4.1.0.jar;C:\Users\bhoja\.m2\repository\org\springframework\boot\spring-boot-starter\4.1.0\spring-boot-starter-4.1.0.jar;C:\Users\bhoja\.m2\repository\org\springframework\boot\spring-boot-starter-logging\4.1.0\spring-boot-starter-logging-4.1.0.jar;C:\Users\bhoja\.m2\repository\ch\qos\logback\logback-classic\1.5.34\logback-classic-1.5.34.jar;C:\Users\bhoja\.m2\repository\ch\qos\logback\logback-core\1.5.34\logback-core-1.5.34.jar;C:\Users\bhoja\.m2\repository\org\apache\logging\log4j\log4j-to-slf4j\2.25.4\log4j-to-slf4j-2.25.4.jar;C:\Users\bhoja\.m2\repository\org\apache\logging\log4j\log4j-api\2.25.4\log4j-api-2.25.4.jar;C:\Users\bhoja\.m2\repository\org\slf4j\jul-to-slf4j\2.0.18\jul-to-slf4j-2.0.18.jar;C:\Users\bhoja\.m2\repository\org\springframework\boot\spring-boot-autoconfigure\4.1.0\spring-boot-autoconfigure-4.1.0.jar;C:\Users\bhoja\.m2\repository\jakarta\annotation\jakarta.annotation-api\3.0.0\jakarta.annotation-api-3.0.0.jar;C:\Users\bhoja\.m2\repository\org\yaml\snakeyaml\2.6\snakeyaml-2.6.jar;C:\Users\bhoja\.m2\repository\org\springframework\boot\spring-boot-starter-jackson\4.1.0\spring-boot-starter-jackson-4.1.0.jar;C:\Users\bhoja\.m2\repository\org\springframework\boot\spring-boot-jackson\4.1.0\spring-boot-jackson-4.1.0.jar;C:\Users\bhoja\.m2\repository\tools\jackson\core\jackson-databind\3.1.4\jackson-databind-3.1.4.jar;C:\Users\bhoja\.m2\repository\com\fasterxml\jackson\core\jackson-annotations\2.21\jackson-annotations-2.21.jar;C:\Users\bhoja\.m2\repository\tools\jackson\core\jackson-core\3.1.4\jackson-core-3.1.4.jar;C:\Users\bhoja\.m2\repository\org\springframework\boot\spring-boot-starter-tomcat\4.1.0\spring-boot-starter-tomcat-4.1.0.jar;C:\Users\bhoja\.m2\repository\org\springframework\boot\spring-boot-starter-tomcat-runtime\4.1.0\spring-boot-starter-tomcat-runtime-4.1.0.jar;C:\Users\bhoja\.m2\repository\org\springframework\boot\spring-boot-web-server\4.1.0\spring-boot-web-server-4.1.0.jar;C:\Users\bhoja\.m2\repository\org\apache\tomcat\embed\tomcat-embed-core\11.0.22\tomcat-embed-core-11.0.22.jar;C:\Users\bhoja\.m2\repository\org\apache\tomcat\embed\tomcat-embed-websocket\11.0.22\tomcat-embed-websocket-11.0.22.jar;C:\Users\bhoja\.m2\repository\org\springframework\boot\spring-boot-tomcat\4.1.0\spring-boot-tomcat-4.1.0.jar;C:\Users\bhoja\.m2\repository\org\springframework\boot\spring-boot-http-converter\4.1.0\spring-boot-http-converter-4.1.0.jar;C:\Users\bhoja\.m2\repository\org\springframework\boot\spring-boot\4.1.0\spring-boot-4.1.0.jar;C:\Users\bhoja\.m2\repository\org\springframework\spring-context\7.0.8\spring-context-7.0.8.jar;C:\Users\bhoja\.m2\repository\org\springframework\spring-web\7.0.8\spring-web-7.0.8.jar;C:\Users\bhoja\.m2\repository\org\springframework\spring-beans\7.0.8\spring-beans-7.0.8.jar;C:\Users\bhoja\.m2\repository\io\micrometer\micrometer-observation\1.17.0\micrometer-observation-1.17.0.jar;C:\Users\bhoja\.m2\repository\io\micrometer\micrometer-commons\1.17.0\micrometer-commons-1.17.0.jar;C:\Users\bhoja\.m2\repository\org\springframework\boot\spring-boot-webmvc\4.1.0\spring-boot-webmvc-4.1.0.jar;C:\Users\bhoja\.m2\repository\org\springframework\boot\spring-boot-servlet\4.1.0\spring-boot-servlet-4.1.0.jar;C:\Users\bhoja\.m2\repository\org\springframework\spring-webmvc\7.0.8\spring-webmvc-7.0.8.jar;C:\Users\bhoja\.m2\repository\org\springframework\spring-aop\7.0.8\spring-aop-7.0.8.jar;C:\Users\bhoja\.m2\repository\org\springframework\spring-expression\7.0.8\spring-expression-7.0.8.jar;C:\Users\bhoja\.m2\repository\org\springframework\boot\spring-boot-starter-kafka\4.1.0\spring-boot-starter-kafka-4.1.0.jar;C:\Users\bhoja\.m2\repository\org\springframework\boot\spring-boot-kafka\4.1.0\spring-boot-kafka-4.1.0.jar;C:\Users\bhoja\.m2\repository\org\springframework\boot\spring-boot-transaction\4.1.0\spring-boot-transaction-4.1.0.jar;C:\Users\bhoja\.m2\repository\org\springframework\boot\spring-boot-persistence\4.1.0\spring-boot-persistence-4.1.0.jar;C:\Users\bhoja\.m2\repository\org\springframework\spring-tx\7.0.8\spring-tx-7.0.8.jar;C:\Users\bhoja\.m2\repository\org\springframework\kafka\spring-kafka\4.1.0\spring-kafka-4.1.0.jar;C:\Users\bhoja\.m2\repository\org\apache\kafka\kafka-clients\4.2.1\kafka-clients-4.2.1.jar;C:\Users\bhoja\.m2\repository\com\github\luben\zstd-jni\1.5.6-10\zstd-jni-1.5.6-10.jar;C:\Users\bhoja\.m2\repository\at\yawk\lz4\lz4-java\1.10.1\lz4-java-1.10.1.jar;C:\Users\bhoja\.m2\repository\org\xerial\snappy\snappy-java\1.1.10.7\snappy-java-1.1.10.7.jar;C:\Users\bhoja\.m2\repository\com\github\spotbugs\spotbugs-annotations\4.9.8\spotbugs-annotations-4.9.8.jar;C:\Users\bhoja\.m2\repository\com\google\code\findbugs\jsr305\3.0.2\jsr305-3.0.2.jar;C:\Users\bhoja\.m2\repository\org\springframework\boot\spring-boot-starter-amqp\4.1.0\spring-boot-starter-amqp-4.1.0.jar;C:\Users\bhoja\.m2\repository\org\springframework\boot\spring-boot-amqp\4.1.0\spring-boot-amqp-4.1.0.jar;C:\Users\bhoja\.m2\repository\org\springframework\spring-messaging\7.0.8\spring-messaging-7.0.8.jar;C:\Users\bhoja\.m2\repository\org\springframework\amqp\spring-rabbit\4.1.0\spring-rabbit-4.1.0.jar;C:\Users\bhoja\.m2\repository\org\springframework\amqp\spring-amqp\4.1.0\spring-amqp-4.1.0.jar;C:\Users\bhoja\.m2\repository\com\rabbitmq\amqp-client\5.30.0\amqp-client-5.30.0.jar;C:\Users\bhoja\.m2\repository\io\netty\netty-transport\4.2.15.Final\netty-transport-4.2.15.Final.jar;C:\Users\bhoja\.m2\repository\io\netty\netty-common\4.2.15.Final\netty-common-4.2.15.Final.jar;C:\Users\bhoja\.m2\repository\io\netty\netty-buffer\4.2.15.Final\netty-buffer-4.2.15.Final.jar;C:\Users\bhoja\.m2\repository\io\netty\netty-resolver\4.2.15.Final\netty-resolver-4.2.15.Final.jar;C:\Users\bhoja\.m2\repository\io\netty\netty-codec\4.2.15.Final\netty-codec-4.2.15.Final.jar;C:\Users\bhoja\.m2\repository\io\netty\netty-codec-base\4.2.15.Final\netty-codec-base-4.2.15.Final.jar;C:\Users\bhoja\.m2\repository\io\netty\netty-codec-compression\4.2.15.Final\netty-codec-compression-4.2.15.Final.jar;C:\Users\bhoja\.m2\repository\io\netty\netty-codec-protobuf\4.2.15.Final\netty-codec-protobuf-4.2.15.Final.jar;C:\Users\bhoja\.m2\repository\io\netty\netty-codec-marshalling\4.2.15.Final\netty-codec-marshalling-4.2.15.Final.jar;C:\Users\bhoja\.m2\repository\io\netty\netty-handler\4.2.15.Final\netty-handler-4.2.15.Final.jar;C:\Users\bhoja\.m2\repository\io\netty\netty-transport-native-unix-common\4.2.15.Final\netty-transport-native-unix-common-4.2.15.Final.jar;C:\Users\bhoja\.m2\repository\org\springframework\boot\spring-boot-starter-mail\4.1.0\spring-boot-starter-mail-4.1.0.jar;C:\Users\bhoja\.m2\repository\org\springframework\boot\spring-boot-mail\4.1.0\spring-boot-mail-4.1.0.jar;C:\Users\bhoja\.m2\repository\org\springframework\spring-context-support\7.0.8\spring-context-support-7.0.8.jar;C:\Users\bhoja\.m2\repository\jakarta\mail\jakarta.mail-api\2.1.5\jakarta.mail-api-2.1.5.jar;C:\Users\bhoja\.m2\repository\org\eclipse\angus\angus-mail\2.0.5\angus-mail-2.0.5.jar;C:\Users\bhoja\.m2\repository\org\eclipse\angus\angus-activation\2.0.3\angus-activation-2.0.3.jar;C:\Users\bhoja\.m2\repository\org\springframework\boot\spring-boot-starter-validation\4.1.0\spring-boot-starter-validation-4.1.0.jar;C:\Users\bhoja\.m2\repository\org\springframework\boot\spring-boot-validation\4.1.0\spring-boot-validation-4.1.0.jar;C:\Users\bhoja\.m2\repository\org\apache\tomcat\embed\tomcat-embed-el\11.0.22\tomcat-embed-el-11.0.22.jar;C:\Users\bhoja\.m2\repository\org\hibernate\validator\hibernate-validator\9.1.0.Final\hibernate-validator-9.1.0.Final.jar;C:\Users\bhoja\.m2\repository\jakarta\validation\jakarta.validation-api\3.1.1\jakarta.validation-api-3.1.1.jar;C:\Users\bhoja\.m2\repository\org\jboss\logging\jboss-logging\3.6.3.Final\jboss-logging-3.6.3.Final.jar;C:\Users\bhoja\.m2\repository\com\fasterxml\classmate\1.7.3\classmate-1.7.3.jar;C:\Users\bhoja\.m2\repository\org\projectlombok\lombok\1.18.46\lombok-1.18.46.jar;C:\Users\bhoja\.m2\repository\org\slf4j\slf4j-api\2.0.18\slf4j-api-2.0.18.jar;C:\Users\bhoja\.m2\repository\jakarta\activation\jakarta.activation-api\2.1.4\jakarta.activation-api-2.1.4.jar;C:\Users\bhoja\.m2\repository\org\springframework\spring-core\7.0.8\spring-core-7.0.8.jar;C:\Users\bhoja\.m2\repository\commons-logging\commons-logging\1.3.6\commons-logging-1.3.6.jar;C:\Users\bhoja\.m2\repository\org\jspecify\jspecify\1.0.0\jspecify-1.0.0.jar
Launcher Type: SUN_STANDARD

[Global flags]
     intx CICompilerCount                          = 4                                         {product} {ergonomic}
     uint ConcGCThreads                            = 3                                         {product} {ergonomic}
     uint G1ConcRefinementThreads                  = 10                                        {product} {ergonomic}
   size_t G1HeapRegionSize                         = 2097152                                   {product} {ergonomic}
   size_t InitialHeapSize                          = 264241152                                 {product} {ergonomic}
   size_t MarkStackSize                            = 4194304                                   {product} {ergonomic}
   size_t MarkStackSizeMax                         = 536870912                                 {product} {ergonomic}
   size_t MaxHeapSize                              = 4223664128                                {product} {ergonomic}
   size_t MaxNewSize                               = 2533359616                                {product} {ergonomic}
   size_t MinHeapDeltaBytes                        = 2097152                                   {product} {ergonomic}
   size_t MinHeapSize                              = 8388608                                   {product} {ergonomic}
    uintx NonNMethodCodeHeapSize                   = 5832704                                {pd product} {ergonomic}
    uintx NonProfiledCodeHeapSize                  = 122945536                              {pd product} {ergonomic}
    uintx ProfiledCodeHeapSize                     = 122880000                              {pd product} {ergonomic}
    uintx ReservedCodeCacheSize                    = 251658240                              {pd product} {ergonomic}
     bool SegmentedCodeCache                       = true                                      {product} {ergonomic}
   size_t SoftMaxHeapSize                          = 4223664128                             {manageable} {ergonomic}
     bool UseCompressedOops                        = true                           {product lp64_product} {ergonomic}
     bool UseG1GC                                  = true                                      {product} {ergonomic}
     bool UseLargePagesIndividualAllocation        = false                                  {pd product} {ergonomic}

Logging:
Log output configuration:
 #0: stdout all=warning uptime,level,tags foldmultilines=false
 #1: stderr all=off uptime,level,tags foldmultilines=false

Release file:
IMPLEMENTOR="Oracle Corporation" 
JAVA_RUNTIME_VERSION="25+36-3489" 
JAVA_VERSION="25" 
JAVA_VERSION_DATE="2025-09-16" 
LIBC="default" 
MODULES="java.base java.compiler java.datatransfer java.xml java.prefs java.desktop java.instrument java.logging java.management java.security.sasl java.naming java.rmi java.management.rmi java.net.http java.scripting java.security.jgss java.transaction.xa java.sql java.sql.rowset java.xml.crypto java.se java.smartcardio jdk.accessibility jdk.internal.jvmstat jdk.attach jdk.charsets jdk.internal.opt jdk.zipfs jdk.compiler jdk.crypto.cryptoki jdk.crypto.ec jdk.crypto.mscapi jdk.dynalink jdk.internal.ed jdk.editpad jdk.internal.vm.ci jdk.graal.compiler jdk.graal.compiler.management jdk.hotspot.agent jdk.httpserver jdk.incubator.vector jdk.internal.le jdk.internal.md jdk.jartool jdk.javadoc jdk.jcmd jdk.management jdk.management.agent jdk.jconsole jdk.jdeps jdk.jdwp.agent jdk.jdi jdk.jfr jdk.jlink jdk.jpackage jdk.jshell jdk.jsobject jdk.jstatd jdk.localedata jdk.management.jfr jdk.naming.dns jdk.naming.rmi jdk.net jdk.nio.mapmode jdk.sctp jdk.security.auth jdk.security.jgss jdk.unsupported jdk.unsupported.desktop jdk.xml.dom" 
OS_ARCH="x86_64" 
OS_NAME="Windows" 
SOURCE=".:git:6c48f4ed707b" 

Environment Variables:
JAVA_HOME=C:\Program Files\Java\jdk-21
PATH=C:\Program Files\Common Files\Oracle\Java\javapath;C:\WINDOWS\system32;C:\WINDOWS;C:\WINDOWS\System32\Wbem;C:\WINDOWS\System32\WindowsPowerShell\v1.0\;C:\WINDOWS\System32\OpenSSH\;C:\Users\bhoja\Downloads\hadoop-3.2.4\hadoop-3.2.4\sbin;C:\Program Files (x86)\Microsoft SQL Server\160\Tools\Binn\;C:\Program Files\Microsoft SQL Server\160\Tools\Binn\;C:\Program Files\Microsoft SQL Server\Client SDK\ODBC\170\Tools\Binn\;C:\Program Files\Microsoft SQL Server\160\DTS\Binn\;C:\Program Files (x86)\Microsoft SQL Server\160\DTS\Binn\;C:\Program Files\nodejs\;C:\ProgramData\chocolatey\bin;C:\Program Files\Git\cmd;C:\Program Files\Amazon\AWSCLIV2\;C:\Users\bhoja\AppData\Local\Programs\Python\Python313\Scripts\;C:\Users\bhoja\AppData\Local\Programs\Python\Python313\;C:\Program Files\MySQL\MySQL Shell 8.0\bin\;C:\Users\bhoja\AppData\Local\Microsoft\WindowsApps;C:\Users\bhoja\AppData\Local\Programs\Microsoft VS Code\bin;C:\Program Files\Java\jdk-21\bin;C:\Users\bhoja\Downloads\flutter_windows_3.19.5-stable (1)\flutter\bin;C:\Program Files\JetBrains\PhpStorm 2023.3.6\bin;;C:\Users\bhoja\Downloads\bin-20241111T032610Z-001\bin;C:\Program Files\Neo4j Desktop\resources\offline\neo4j\neo4j-enterprise-5.24.0-windows.zip\neo4j-enterprise-5.24.0\bin;C:\Program Files\Git\bin;C:\Program Files\JetBrains\IntelliJ IDEA Community Edition 2025.2\bin;C:\Users\bhoja\AppData\Roaming\npm;C:\kafka\bin;;C:\Users\bhoja\AppData\Local\Programs\DockerDesktop\resources\bin
USERNAME=bhoja
OS=Windows_NT
PROCESSOR_IDENTIFIER=Intel64 Family 6 Model 186 Stepping 3, GenuineIntel
TMP=C:\Users\bhoja\AppData\Local\Temp
TEMP=C:\Users\bhoja\AppData\Local\Temp




Compilation memory statistics disabled.

Periodic native trim disabled

---------------  S Y S T E M  ---------------

OS:
 Windows 11 , 64 bit Build 26100 (10.0.26100.8972)
OS uptime: 0 days 23:21 hours
Hyper-V role detected

CPU: total 12 (initial active 12) (6 cores per cpu, 2 threads per core) family 6 model 186 stepping 3 microcode 0x4112, cx8, cmov, fxsr, ht, mmx, 3dnowpref, sse, sse2, sse3, ssse3, sse4.1, sse4.2, popcnt, lzcnt, tsc, tscinvbit, avx, avx2, aes, erms, clmul, bmi1, bmi2, adx, sha, fma, vzeroupper, clflush, clflushopt, clwb, hv, serialize, rdtscp, rdpid, fsrm, gfni, f16c, cet_ibt, cet_ss
Processor Information for processor 0
  Max Mhz: 1300, Current Mhz: 1300, Mhz Limit: 1300
Processor Information for processor 1
  Max Mhz: 1300, Current Mhz: 1300, Mhz Limit: 1300
Processor Information for processor 2
  Max Mhz: 1300, Current Mhz: 1300, Mhz Limit: 1300
Processor Information for processor 3
  Max Mhz: 1300, Current Mhz: 1300, Mhz Limit: 1300
Processor Information for processor 4
  Max Mhz: 1300, Current Mhz: 900, Mhz Limit: 897
Processor Information for processor 5
  Max Mhz: 1300, Current Mhz: 900, Mhz Limit: 897
Processor Information for processor 6
  Max Mhz: 1300, Current Mhz: 900, Mhz Limit: 897
Processor Information for processor 7
  Max Mhz: 1300, Current Mhz: 900, Mhz Limit: 897
Processor Information for processor 8
  Max Mhz: 1300, Current Mhz: 900, Mhz Limit: 897
Processor Information for processor 9
  Max Mhz: 1300, Current Mhz: 900, Mhz Limit: 897
Processor Information for processor 10
  Max Mhz: 1300, Current Mhz: 900, Mhz Limit: 897
Processor Information for processor 11
  Max Mhz: 1300, Current Mhz: 900, Mhz Limit: 897

Memory: 4k page, system-wide physical 16108M (192M free)
TotalPageFile size 23048M (AvailPageFile size 0M)
current process WorkingSet (physical memory assigned to process): 229M, peak: 253M
current process commit charge ("private bytes"): 263M, peak: 415M

vm_info: OpenJDK 64-Bit Server VM (25+36-3489) for windows-amd64 JRE (25+36-3489), built on 2025-08-12T17:19:28Z with unknown MS VC++:1943

END.
